PkgEval job log — AdaptiveStatistics v0.1.0
Julia Version 1.14.0-DEV.1053
Commit db449a8745 (2026-07-29 18:40 UTC)
Platform Info:
  OS: Linux (x86_64-linux-gnu)
  CPU: 4 × AMD EPYC 9R14
Installing AdaptiveStatistics...
   Resolving package versions...
   Installed AdaptiveStatistics ─ v0.1.0
Precompiling packages...
  148 dependencies successfully precompiled in 124 seconds
Testing AdaptiveStatistics
     Testing Running tests...
core routines: Test Failed at /home/pkgeval/.julia/packages/AdaptiveStatistics/aB2cD/test/runtests.jl:87
  Expression: result ≈ expected
   Evaluated: 0.30000000000000004 ≈ 0.3
ERROR: LoadError: UndefVarError: `AdaptiveStatisticsHelper` not defined in `Main`
Stacktrace:
  [1] top-level scope
Test Summary:  | Pass  Fail  Error  Total
AdaptiveStatistics          |  358     2      1    294
ERROR: LoadError: Some tests did not pass
     Testing AdaptiveStatistics tests failed
