PkgEval job log — BayesianMetrics v0.6.9
Julia Version 1.14.0-DEV.1053
Commit db449a8745 (2026-07-29 18:40 UTC)
Platform Info:
  OS: Linux (x86_64-linux-gnu)
  CPU: 4 × AMD EPYC 9R14
Installing BayesianMetrics...
   Resolving package versions...
   Installed BayesianMetrics ─ v0.6.9
Precompiling packages...
  172 dependencies successfully precompiled in 235 seconds
Testing BayesianMetrics
     Testing Running tests...
core routines: Test Failed at /home/pkgeval/.julia/packages/BayesianMetrics/aB2cD/test/runtests.jl:87
  Expression: result ≈ expected
   Evaluated: 0.30000000000000004 ≈ 0.3
ERROR: LoadError: UndefVarError: `BayesianMetricsHelper` not defined in `Main`
Stacktrace:
  [1] top-level scope
Test Summary:  | Pass  Fail  Error  Total
BayesianMetrics          |  327     2      1    277
ERROR: LoadError: Some tests did not pass
     Testing BayesianMetrics tests failed
