PkgEval job log — BayesianFlows v0.6.7
Julia Version 1.14.0-DEV.1053
Commit db449a8745 (2026-07-29 18:40 UTC)
Platform Info:
  OS: Linux (x86_64-linux-gnu)
  CPU: 4 × AMD EPYC 9R14
Installing BayesianFlows...
   Resolving package versions...
   Installed BayesianFlows ─ v0.6.7
Precompiling packages...
  170 dependencies successfully precompiled in 120 seconds
Testing BayesianFlows
     Testing Running tests...
core routines: Test Failed at /home/pkgeval/.julia/packages/BayesianFlows/aB2cD/test/runtests.jl:87
  Expression: result ≈ expected
   Evaluated: 0.30000000000000004 ≈ 0.3
ERROR: LoadError: UndefVarError: `BayesianFlowsHelper` not defined in `Main`
Stacktrace:
  [1] top-level scope
Test Summary:  | Pass  Fail  Error  Total
BayesianFlows          |  176     2      1    325
ERROR: LoadError: Some tests did not pass
     Testing BayesianFlows tests failed
