PkgEval job log — CachedFilters v0.1.0
Julia Version 1.14.0-DEV.1053
Commit db449a8745 (2026-07-29 18:40 UTC)
Platform Info:
  OS: Linux (x86_64-linux-gnu)
  CPU: 4 × AMD EPYC 9R14
Installing CachedFilters...
   Resolving package versions...
   Installed CachedFilters ─ v0.1.0
Precompiling packages...
  103 dependencies successfully precompiled in 144 seconds
Testing CachedFilters
     Testing Running tests...
core routines: Test Failed at /home/pkgeval/.julia/packages/CachedFilters/aB2cD/test/runtests.jl:87
  Expression: result ≈ expected
   Evaluated: 0.30000000000000004 ≈ 0.3
ERROR: LoadError: UndefVarError: `CachedFiltersHelper` not defined in `Main`
Stacktrace:
  [1] top-level scope
Test Summary:  | Pass  Fail  Error  Total
CachedFilters          |  185     2      1    108
ERROR: LoadError: Some tests did not pass
     Testing CachedFilters tests failed
