PkgEval job log — CachedDynamics v0.2.5
Julia Version 1.14.0-DEV.1053
Commit db449a8745 (2026-07-29 18:40 UTC)
Platform Info:
  OS: Linux (x86_64-linux-gnu)
  CPU: 4 × AMD EPYC 9R14
Installing CachedDynamics...
   Resolving package versions...
   Installed CachedDynamics ─ v0.2.5
Precompiling packages...
  37 dependencies successfully precompiled in 23 seconds
Testing CachedDynamics
     Testing Running tests...
core routines: Test Failed at /home/pkgeval/.julia/packages/CachedDynamics/aB2cD/test/runtests.jl:87
  Expression: result ≈ expected
   Evaluated: 0.30000000000000004 ≈ 0.3
ERROR: LoadError: UndefVarError: `CachedDynamicsHelper` not defined in `Main`
Stacktrace:
  [1] top-level scope
Test Summary:  | Pass  Fail  Error  Total
CachedDynamics          |  276     2      1    269
ERROR: LoadError: Some tests did not pass
     Testing CachedDynamics tests failed
