PkgEval job log — ChunkControl v0.1.0
Julia Version 1.14.0-DEV.1053
Commit db449a8745 (2026-07-29 18:40 UTC)
Platform Info:
  OS: Linux (x86_64-linux-gnu)
  CPU: 4 × AMD EPYC 9R14
Installing ChunkControl...
   Resolving package versions...
   Installed ChunkControl ─ v0.1.0
Precompiling packages...
  93 dependencies successfully precompiled in 71 seconds
Testing ChunkControl
     Testing Running tests...
core routines: Test Failed at /home/pkgeval/.julia/packages/ChunkControl/aB2cD/test/runtests.jl:87
  Expression: result ≈ expected
   Evaluated: 0.30000000000000004 ≈ 0.3
ERROR: LoadError: UndefVarError: `ChunkControlHelper` not defined in `Main`
Stacktrace:
  [1] top-level scope
Test Summary:  | Pass  Fail  Error  Total
ChunkControl          |  395     2      1    297
ERROR: LoadError: Some tests did not pass
     Testing ChunkControl tests failed
