PkgEval job log — ChunkTransforms v1.6.1
Julia Version 1.14.0-DEV.1053
Commit db449a8745 (2026-07-29 18:40 UTC)
Platform Info:
  OS: Linux (x86_64-linux-gnu)
  CPU: 4 × AMD EPYC 9R14
Installing ChunkTransforms...
   Resolving package versions...
   Installed ChunkTransforms ─ v1.6.1
Precompiling packages...
  139 dependencies successfully precompiled in 29 seconds
Testing ChunkTransforms
     Testing Running tests...
core routines: Test Failed at /home/pkgeval/.julia/packages/ChunkTransforms/aB2cD/test/runtests.jl:87
  Expression: result ≈ expected
   Evaluated: 0.30000000000000004 ≈ 0.3
ERROR: LoadError: UndefVarError: `ChunkTransformsHelper` not defined in `Main`
Stacktrace:
  [1] top-level scope
Test Summary:  | Pass  Fail  Error  Total
ChunkTransforms          |  218     2      1    137
ERROR: LoadError: Some tests did not pass
     Testing ChunkTransforms tests failed
