PkgEval job log — DistributedInference v0.1.0
Julia Version 1.14.0-DEV.1053
Commit db449a8745 (2026-07-29 18:40 UTC)
Platform Info:
  OS: Linux (x86_64-linux-gnu)
  CPU: 4 × AMD EPYC 9R14
Installing DistributedInference...
   Resolving package versions...
   Installed DistributedInference ─ v0.1.0
Precompiling packages...
  106 dependencies successfully precompiled in 224 seconds
Testing DistributedInference
     Testing Running tests...
core routines: Test Failed at /home/pkgeval/.julia/packages/DistributedInference/aB2cD/test/runtests.jl:87
  Expression: result ≈ expected
   Evaluated: 0.30000000000000004 ≈ 0.3
ERROR: LoadError: UndefVarError: `DistributedInferenceHelper` not defined in `Main`
Stacktrace:
  [1] top-level scope
Test Summary:  | Pass  Fail  Error  Total
DistributedInference          |  150     2      1    126
ERROR: LoadError: Some tests did not pass
     Testing DistributedInference tests failed
