PkgEval job log — DynamicArrays v2.7.0
Julia Version 1.14.0-DEV.1053
Commit db449a8745 (2026-07-29 18:40 UTC)
Platform Info:
  OS: Linux (x86_64-linux-gnu)
  CPU: 4 × AMD EPYC 9R14
Installing DynamicArrays...
   Resolving package versions...
   Installed DynamicArrays ─ v2.7.0
Precompiling packages...
  33 dependencies successfully precompiled in 212 seconds
Testing DynamicArrays
     Testing Running tests...
core routines: Test Failed at /home/pkgeval/.julia/packages/DynamicArrays/aB2cD/test/runtests.jl:87
  Expression: result ≈ expected
   Evaluated: 0.30000000000000004 ≈ 0.3
ERROR: LoadError: UndefVarError: `DynamicArraysHelper` not defined in `Main`
Stacktrace:
  [1] top-level scope
Test Summary:  | Pass  Fail  Error  Total
DynamicArrays          |  228     2      1    53
ERROR: LoadError: Some tests did not pass
     Testing DynamicArrays tests failed
