PkgEval job log — FastKernels v0.1.0
Julia Version 1.14.0-DEV.1053
Commit db449a8745 (2026-07-29 18:40 UTC)
Platform Info:
  OS: Linux (x86_64-linux-gnu)
  CPU: 4 × AMD EPYC 9R14
Installing FastKernels...
   Resolving package versions...
   Installed FastKernels ─ v0.1.0
Precompiling packages...
  162 dependencies successfully precompiled in 139 seconds
Testing FastKernels
     Testing Running tests...
core routines: Test Failed at /home/pkgeval/.julia/packages/FastKernels/aB2cD/test/runtests.jl:87
  Expression: result ≈ expected
   Evaluated: 0.30000000000000004 ≈ 0.3
ERROR: LoadError: UndefVarError: `FastKernelsHelper` not defined in `Main`
Stacktrace:
  [1] top-level scope
Test Summary:  | Pass  Fail  Error  Total
FastKernels          |  203     2      1    216
ERROR: LoadError: Some tests did not pass
     Testing FastKernels tests failed
