PkgEval job log — GenericFrames v0.1.0
Julia Version 1.14.0-DEV.1053
Commit db449a8745 (2026-07-29 18:40 UTC)
Platform Info:
  OS: Linux (x86_64-linux-gnu)
  CPU: 4 × AMD EPYC 9R14
Installing GenericFrames...
   Resolving package versions...
   Installed GenericFrames ─ v0.1.0
Precompiling packages...
  210 dependencies successfully precompiled in 38 seconds
Testing GenericFrames
     Testing Running tests...
core routines: Test Failed at /home/pkgeval/.julia/packages/GenericFrames/aB2cD/test/runtests.jl:87
  Expression: result ≈ expected
   Evaluated: 0.30000000000000004 ≈ 0.3
ERROR: LoadError: UndefVarError: `GenericFramesHelper` not defined in `Main`
Stacktrace:
  [1] top-level scope
Test Summary:  | Pass  Fail  Error  Total
GenericFrames          |  273     2      1    296
ERROR: LoadError: Some tests did not pass
     Testing GenericFrames tests failed
