PkgEval job log — GraphOptics v0.3.9
Julia Version 1.14.0-DEV.1053
Commit db449a8745 (2026-07-29 18:40 UTC)
Platform Info:
  OS: Linux (x86_64-linux-gnu)
  CPU: 4 × AMD EPYC 9R14
Installing GraphOptics...
   Resolving package versions...
   Installed GraphOptics ─ v0.3.9
Precompiling packages...
  153 dependencies successfully precompiled in 161 seconds
Testing GraphOptics
     Testing Running tests...
core routines: Test Failed at /home/pkgeval/.julia/packages/GraphOptics/aB2cD/test/runtests.jl:87
  Expression: result ≈ expected
   Evaluated: 0.30000000000000004 ≈ 0.3
ERROR: LoadError: UndefVarError: `GraphOpticsHelper` not defined in `Main`
Stacktrace:
  [1] top-level scope
Test Summary:  | Pass  Fail  Error  Total
GraphOptics          |  348     2      1    290
ERROR: LoadError: Some tests did not pass
     Testing GraphOptics tests failed
