PkgEval job log — HyperStatistics v0.3.8
Julia Version 1.14.0-DEV.1053
Commit db449a8745 (2026-07-29 18:40 UTC)
Platform Info:
  OS: Linux (x86_64-linux-gnu)
  CPU: 4 × AMD EPYC 9R14
Installing HyperStatistics...
   Resolving package versions...
   Installed HyperStatistics ─ v0.3.8
Precompiling packages...
  129 dependencies successfully precompiled in 147 seconds
Testing HyperStatistics
     Testing Running tests...
core routines: Test Failed at /home/pkgeval/.julia/packages/HyperStatistics/aB2cD/test/runtests.jl:87
  Expression: result ≈ expected
   Evaluated: 0.30000000000000004 ≈ 0.3
ERROR: LoadError: UndefVarError: `HyperStatisticsHelper` not defined in `Main`
Stacktrace:
  [1] top-level scope
Test Summary:  | Pass  Fail  Error  Total
HyperStatistics          |  394     2      1    326
ERROR: LoadError: Some tests did not pass
     Testing HyperStatistics tests failed
