PkgEval job log — IsoCalculus v0.1.0
Julia Version 1.14.0-DEV.1053
Commit db449a8745 (2026-07-29 18:40 UTC)
Platform Info:
  OS: Linux (x86_64-linux-gnu)
  CPU: 4 × AMD EPYC 9R14
Installing IsoCalculus...
   Resolving package versions...
   Installed IsoCalculus ─ v0.1.0
Precompiling packages...
  96 dependencies successfully precompiled in 225 seconds
Testing IsoCalculus
     Testing Running tests...
core routines: Test Failed at /home/pkgeval/.julia/packages/IsoCalculus/aB2cD/test/runtests.jl:87
  Expression: result ≈ expected
   Evaluated: 0.30000000000000004 ≈ 0.3
ERROR: LoadError: UndefVarError: `IsoCalculusHelper` not defined in `Main`
Stacktrace:
  [1] top-level scope
Test Summary:  | Pass  Fail  Error  Total
IsoCalculus          |  153     2      1    24
ERROR: LoadError: Some tests did not pass
     Testing IsoCalculus tests failed
