PkgEval job log — IsoChains v0.3.4
Julia Version 1.14.0-DEV.1053
Commit db449a8745 (2026-07-29 18:40 UTC)
Platform Info:
  OS: Linux (x86_64-linux-gnu)
  CPU: 4 × AMD EPYC 9R14
Installing IsoChains...
   Resolving package versions...
   Installed IsoChains ─ v0.3.4
Precompiling packages...
  169 dependencies successfully precompiled in 224 seconds
Testing IsoChains
     Testing Running tests...
core routines: Test Failed at /home/pkgeval/.julia/packages/IsoChains/aB2cD/test/runtests.jl:87
  Expression: result ≈ expected
   Evaluated: 0.30000000000000004 ≈ 0.3
ERROR: LoadError: UndefVarError: `IsoChainsHelper` not defined in `Main`
Stacktrace:
  [1] top-level scope
Test Summary:  | Pass  Fail  Error  Total
IsoChains          |  303     2      1    123
ERROR: LoadError: Some tests did not pass
     Testing IsoChains tests failed
