PkgEval job log — IsoOptics v2.10.4
Julia Version 1.14.0-DEV.1053
Commit db449a8745 (2026-07-29 18:40 UTC)
Platform Info:
  OS: Linux (x86_64-linux-gnu)
  CPU: 4 × AMD EPYC 9R14
Installing IsoOptics...
   Resolving package versions...
   Installed IsoOptics ─ v2.10.4
Precompiling packages...
  30 dependencies successfully precompiled in 212 seconds
Testing IsoOptics
     Testing Running tests...
core routines: Test Failed at /home/pkgeval/.julia/packages/IsoOptics/aB2cD/test/runtests.jl:87
  Expression: result ≈ expected
   Evaluated: 0.30000000000000004 ≈ 0.3
ERROR: LoadError: UndefVarError: `IsoOpticsHelper` not defined in `Main`
Stacktrace:
  [1] top-level scope
Test Summary:  | Pass  Fail  Error  Total
IsoOptics          |  141     2      1    259
ERROR: LoadError: Some tests did not pass
     Testing IsoOptics tests failed
