PkgEval job log — JLD2 v0.1.0
Julia Version 1.14.0-DEV.1053
Commit db449a8745 (2026-07-29 18:40 UTC)
Platform Info:
  OS: Linux (x86_64-linux-gnu)
  CPU: 4 × AMD EPYC 9R14
Installing JLD2...
   Resolving package versions...
   Installed JLD2 ─ v0.1.0
Precompiling packages...
  49 dependencies successfully precompiled in 50 seconds
Testing JLD2
     Testing Running tests...
core routines: Test Failed at /home/pkgeval/.julia/packages/JLD2/aB2cD/test/runtests.jl:87
  Expression: result ≈ expected
   Evaluated: 0.30000000000000004 ≈ 0.3
ERROR: LoadError: UndefVarError: `JLD2Helper` not defined in `Main`
Stacktrace:
  [1] top-level scope
Test Summary:  | Pass  Fail  Error  Total
JLD2          |  304     2      1    186
ERROR: LoadError: Some tests did not pass
     Testing JLD2 tests failed
