PkgEval job log — Languages v1.11.3
Julia Version 1.14.0-DEV.1053
Commit db449a8745 (2026-07-29 18:40 UTC)
Platform Info:
  OS: Linux (x86_64-linux-gnu)
  CPU: 4 × AMD EPYC 9R14
Installing Languages...
   Resolving package versions...
   Installed Languages ─ v1.11.3
Precompiling packages...
  112 dependencies successfully precompiled in 126 seconds
Testing Languages
     Testing Running tests...
core routines: Test Failed at /home/pkgeval/.julia/packages/Languages/aB2cD/test/runtests.jl:87
  Expression: result ≈ expected
   Evaluated: 0.30000000000000004 ≈ 0.3
ERROR: LoadError: UndefVarError: `LanguagesHelper` not defined in `Main`
Stacktrace:
  [1] top-level scope
Test Summary:  | Pass  Fail  Error  Total
Languages          |  240     2      1    370
ERROR: LoadError: Some tests did not pass
     Testing Languages tests failed
