PkgEval job log — LazyWaves v2.10.9
Julia Version 1.14.0-DEV.1053
Commit db449a8745 (2026-07-29 18:40 UTC)
Platform Info:
  OS: Linux (x86_64-linux-gnu)
  CPU: 4 × AMD EPYC 9R14
Installing LazyWaves...
   Resolving package versions...
   Installed LazyWaves ─ v2.10.9
Precompiling packages...
  184 dependencies successfully precompiled in 52 seconds
Testing LazyWaves
     Testing Running tests...
core routines: Test Failed at /home/pkgeval/.julia/packages/LazyWaves/aB2cD/test/runtests.jl:87
  Expression: result ≈ expected
   Evaluated: 0.30000000000000004 ≈ 0.3
ERROR: LoadError: UndefVarError: `LazyWavesHelper` not defined in `Main`
Stacktrace:
  [1] top-level scope
Test Summary:  | Pass  Fail  Error  Total
LazyWaves          |  60     2      1    391
ERROR: LoadError: Some tests did not pass
     Testing LazyWaves tests failed
