PkgEval job log — MatrixFrames v0.3.3
Julia Version 1.14.0-DEV.1053
Commit db449a8745 (2026-07-29 18:40 UTC)
Platform Info:
  OS: Linux (x86_64-linux-gnu)
  CPU: 4 × AMD EPYC 9R14
Installing MatrixFrames...
   Resolving package versions...
   Installed MatrixFrames ─ v0.3.3
Precompiling packages...
  213 dependencies successfully precompiled in 115 seconds
Testing MatrixFrames
     Testing Running tests...
core routines: Test Failed at /home/pkgeval/.julia/packages/MatrixFrames/aB2cD/test/runtests.jl:87
  Expression: result ≈ expected
   Evaluated: 0.30000000000000004 ≈ 0.3
ERROR: LoadError: UndefVarError: `MatrixFramesHelper` not defined in `Main`
Stacktrace:
  [1] top-level scope
Test Summary:  | Pass  Fail  Error  Total
MatrixFrames          |  97     2      1    363
ERROR: LoadError: Some tests did not pass
     Testing MatrixFrames tests failed
