PkgEval job log — MicroFrames v0.1.0
Julia Version 1.14.0-DEV.1053
Commit db449a8745 (2026-07-29 18:40 UTC)
Platform Info:
  OS: Linux (x86_64-linux-gnu)
  CPU: 4 × AMD EPYC 9R14
Installing MicroFrames...
   Resolving package versions...
   Installed MicroFrames ─ v0.1.0
Precompiling packages...
  115 dependencies successfully precompiled in 203 seconds
Testing MicroFrames
     Testing Running tests...
core routines: Test Failed at /home/pkgeval/.julia/packages/MicroFrames/aB2cD/test/runtests.jl:87
  Expression: result ≈ expected
   Evaluated: 0.30000000000000004 ≈ 0.3
ERROR: LoadError: UndefVarError: `MicroFramesHelper` not defined in `Main`
Stacktrace:
  [1] top-level scope
Test Summary:  | Pass  Fail  Error  Total
MicroFrames          |  188     2      1    376
ERROR: LoadError: Some tests did not pass
     Testing MicroFrames tests failed
