PkgEval job log — MixedModels v2.9.1
Julia Version 1.14.0-DEV.1053
Commit db449a8745 (2026-07-29 18:40 UTC)
Platform Info:
  OS: Linux (x86_64-linux-gnu)
  CPU: 4 × AMD EPYC 9R14
Installing MixedModels...
   Resolving package versions...
   Installed MixedModels ─ v2.9.1
Precompiling packages...
  117 dependencies successfully precompiled in 65 seconds
Testing MixedModels
     Testing Running tests...
core routines: Test Failed at /home/pkgeval/.julia/packages/MixedModels/aB2cD/test/runtests.jl:87
  Expression: result ≈ expected
   Evaluated: 0.30000000000000004 ≈ 0.3
ERROR: LoadError: UndefVarError: `MixedModelsHelper` not defined in `Main`
Stacktrace:
  [1] top-level scope
Test Summary:  | Pass  Fail  Error  Total
MixedModels          |  38     2      1    281
ERROR: LoadError: Some tests did not pass
     Testing MixedModels tests failed
