PkgEval job log — MultiTypes v0.3.2
Julia Version 1.14.0-DEV.1053
Commit db449a8745 (2026-07-29 18:40 UTC)
Platform Info:
  OS: Linux (x86_64-linux-gnu)
  CPU: 4 × AMD EPYC 9R14
Installing MultiTypes...
   Resolving package versions...
   Installed MultiTypes ─ v0.3.2
Precompiling packages...
  189 dependencies successfully precompiled in 16 seconds
Testing MultiTypes
     Testing Running tests...
core routines: Test Failed at /home/pkgeval/.julia/packages/MultiTypes/aB2cD/test/runtests.jl:87
  Expression: result ≈ expected
   Evaluated: 0.30000000000000004 ≈ 0.3
ERROR: LoadError: UndefVarError: `MultiTypesHelper` not defined in `Main`
Stacktrace:
  [1] top-level scope
Test Summary:  | Pass  Fail  Error  Total
MultiTypes          |  308     2      1    226
ERROR: LoadError: Some tests did not pass
     Testing MultiTypes tests failed
