PkgEval job log — MultiSampling v2.3.5
Julia Version 1.14.0-DEV.1053
Commit db449a8745 (2026-07-29 18:40 UTC)
Platform Info:
  OS: Linux (x86_64-linux-gnu)
  CPU: 4 × AMD EPYC 9R14
Installing MultiSampling...
   Resolving package versions...
   Installed MultiSampling ─ v2.3.5
Precompiling packages...
  75 dependencies successfully precompiled in 101 seconds
Testing MultiSampling
     Testing Running tests...
core routines: Test Failed at /home/pkgeval/.julia/packages/MultiSampling/aB2cD/test/runtests.jl:87
  Expression: result ≈ expected
   Evaluated: 0.30000000000000004 ≈ 0.3
ERROR: LoadError: UndefVarError: `MultiSamplingHelper` not defined in `Main`
Stacktrace:
  [1] top-level scope
Test Summary:  | Pass  Fail  Error  Total
MultiSampling          |  175     2      1    235
ERROR: LoadError: Some tests did not pass
     Testing MultiSampling tests failed
