PkgEval job log — NamedSystems v1.11.1
Julia Version 1.14.0-DEV.1053
Commit db449a8745 (2026-07-29 18:40 UTC)
Platform Info:
  OS: Linux (x86_64-linux-gnu)
  CPU: 4 × AMD EPYC 9R14
Installing NamedSystems...
   Resolving package versions...
   Installed NamedSystems ─ v1.11.1
Precompiling packages...
  31 dependencies successfully precompiled in 67 seconds
Testing NamedSystems
     Testing Running tests...
core routines: Test Failed at /home/pkgeval/.julia/packages/NamedSystems/aB2cD/test/runtests.jl:87
  Expression: result ≈ expected
   Evaluated: 0.30000000000000004 ≈ 0.3
ERROR: LoadError: UndefVarError: `NamedSystemsHelper` not defined in `Main`
Stacktrace:
  [1] top-level scope
Test Summary:  | Pass  Fail  Error  Total
NamedSystems          |  58     2      1    369
ERROR: LoadError: Some tests did not pass
     Testing NamedSystems tests failed
