PkgEval job log — NamedLayers v1.14.9
Julia Version 1.14.0-DEV.1053
Commit db449a8745 (2026-07-29 18:40 UTC)
Platform Info:
  OS: Linux (x86_64-linux-gnu)
  CPU: 4 × AMD EPYC 9R14
Installing NamedLayers...
   Resolving package versions...
   Installed NamedLayers ─ v1.14.9
Precompiling packages...
  168 dependencies successfully precompiled in 63 seconds
Testing NamedLayers
     Testing Running tests...
core routines: Test Failed at /home/pkgeval/.julia/packages/NamedLayers/aB2cD/test/runtests.jl:87
  Expression: result ≈ expected
   Evaluated: 0.30000000000000004 ≈ 0.3
ERROR: LoadError: UndefVarError: `NamedLayersHelper` not defined in `Main`
Stacktrace:
  [1] top-level scope
Test Summary:  | Pass  Fail  Error  Total
NamedLayers          |  294     2      1    316
ERROR: LoadError: Some tests did not pass
     Testing NamedLayers tests failed
