PkgEval job log — NamedTraits v0.1.0
Julia Version 1.14.0-DEV.1053
Commit db449a8745 (2026-07-29 18:40 UTC)
Platform Info:
  OS: Linux (x86_64-linux-gnu)
  CPU: 4 × AMD EPYC 9R14
Installing NamedTraits...
   Resolving package versions...
   Installed NamedTraits ─ v0.1.0
Precompiling packages...
  156 dependencies successfully precompiled in 31 seconds
Testing NamedTraits
     Testing Running tests...
core routines: Test Failed at /home/pkgeval/.julia/packages/NamedTraits/aB2cD/test/runtests.jl:87
  Expression: result ≈ expected
   Evaluated: 0.30000000000000004 ≈ 0.3
ERROR: LoadError: UndefVarError: `NamedTraitsHelper` not defined in `Main`
Stacktrace:
  [1] top-level scope
Test Summary:  | Pass  Fail  Error  Total
NamedTraits          |  117     2      1    122
ERROR: LoadError: Some tests did not pass
     Testing NamedTraits tests failed
