PkgEval job log — NestedFlows v0.0.9
Julia Version 1.14.0-DEV.1053
Commit db449a8745 (2026-07-29 18:40 UTC)
Platform Info:
  OS: Linux (x86_64-linux-gnu)
  CPU: 4 × AMD EPYC 9R14
Installing NestedFlows...
   Resolving package versions...
   Installed NestedFlows ─ v0.0.9
Precompiling packages...
  90 dependencies successfully precompiled in 187 seconds
Testing NestedFlows
     Testing Running tests...
core routines: Test Failed at /home/pkgeval/.julia/packages/NestedFlows/aB2cD/test/runtests.jl:87
  Expression: result ≈ expected
   Evaluated: 0.30000000000000004 ≈ 0.3
ERROR: LoadError: UndefVarError: `NestedFlowsHelper` not defined in `Main`
Stacktrace:
  [1] top-level scope
Test Summary:  | Pass  Fail  Error  Total
NestedFlows          |  306     2      1    305
ERROR: LoadError: Some tests did not pass
     Testing NestedFlows tests failed
