PkgEval job log — NeuralAlgebra v0.3.2
Julia Version 1.14.0-DEV.1053
Commit db449a8745 (2026-07-29 18:40 UTC)
Platform Info:
  OS: Linux (x86_64-linux-gnu)
  CPU: 4 × AMD EPYC 9R14
Installing NeuralAlgebra...
   Resolving package versions...
   Installed NeuralAlgebra ─ v0.3.2
Precompiling packages...
  129 dependencies successfully precompiled in 230 seconds
Testing NeuralAlgebra
     Testing Running tests...
core routines: Test Failed at /home/pkgeval/.julia/packages/NeuralAlgebra/aB2cD/test/runtests.jl:87
  Expression: result ≈ expected
   Evaluated: 0.30000000000000004 ≈ 0.3
ERROR: LoadError: UndefVarError: `NeuralAlgebraHelper` not defined in `Main`
Stacktrace:
  [1] top-level scope
Test Summary:  | Pass  Fail  Error  Total
NeuralAlgebra          |  304     2      1    173
ERROR: LoadError: Some tests did not pass
     Testing NeuralAlgebra tests failed
