PkgEval job log — NeuralControl v0.13.5
Julia Version 1.14.0-DEV.1053
Commit db449a8745 (2026-07-29 18:40 UTC)
Platform Info:
  OS: Linux (x86_64-linux-gnu)
  CPU: 4 × AMD EPYC 9R14
Installing NeuralControl...
   Resolving package versions...
   Installed NeuralControl ─ v0.13.5
Precompiling packages...
  118 dependencies successfully precompiled in 186 seconds
Testing NeuralControl
     Testing Running tests...
core routines: Test Failed at /home/pkgeval/.julia/packages/NeuralControl/aB2cD/test/runtests.jl:87
  Expression: result ≈ expected
   Evaluated: 0.30000000000000004 ≈ 0.3
ERROR: LoadError: UndefVarError: `NeuralControlHelper` not defined in `Main`
Stacktrace:
  [1] top-level scope
Test Summary:  | Pass  Fail  Error  Total
NeuralControl          |  356     2      1    232
ERROR: LoadError: Some tests did not pass
     Testing NeuralControl tests failed
