PkgEval job log — RobustSystems v0.1.0
Julia Version 1.14.0-DEV.1053
Commit db449a8745 (2026-07-29 18:40 UTC)
Platform Info:
  OS: Linux (x86_64-linux-gnu)
  CPU: 4 × AMD EPYC 9R14
Installing RobustSystems...
   Resolving package versions...
   Installed RobustSystems ─ v0.1.0
Precompiling packages...
  214 dependencies successfully precompiled in 52 seconds
Testing RobustSystems
     Testing Running tests...
core routines: Test Failed at /home/pkgeval/.julia/packages/RobustSystems/aB2cD/test/runtests.jl:87
  Expression: result ≈ expected
   Evaluated: 0.30000000000000004 ≈ 0.3
ERROR: LoadError: UndefVarError: `RobustSystemsHelper` not defined in `Main`
Stacktrace:
  [1] top-level scope
Test Summary:  | Pass  Fail  Error  Total
RobustSystems          |  92     2      1    149
ERROR: LoadError: Some tests did not pass
     Testing RobustSystems tests failed
