PkgEval job log — SmartMaps v0.13.1
Julia Version 1.14.0-DEV.1053
Commit db449a8745 (2026-07-29 18:40 UTC)
Platform Info:
  OS: Linux (x86_64-linux-gnu)
  CPU: 4 × AMD EPYC 9R14
Installing SmartMaps...
   Resolving package versions...
   Installed SmartMaps ─ v0.13.1
Precompiling packages...
  12 dependencies successfully precompiled in 189 seconds
Testing SmartMaps
     Testing Running tests...
core routines: Test Failed at /home/pkgeval/.julia/packages/SmartMaps/aB2cD/test/runtests.jl:87
  Expression: result ≈ expected
   Evaluated: 0.30000000000000004 ≈ 0.3
ERROR: LoadError: UndefVarError: `SmartMapsHelper` not defined in `Main`
Stacktrace:
  [1] top-level scope
Test Summary:  | Pass  Fail  Error  Total
SmartMaps          |  283     2      1    25
ERROR: LoadError: Some tests did not pass
     Testing SmartMaps tests failed
