PkgEval job log — SparseDiffTools v0.1.0
Julia Version 1.14.0-DEV.1053
Commit db449a8745 (2026-07-29 18:40 UTC)
Platform Info:
  OS: Linux (x86_64-linux-gnu)
  CPU: 4 × AMD EPYC 9R14
Installing SparseDiffTools...
   Resolving package versions...
   Installed SparseDiffTools ─ v0.1.0
Precompiling packages...
  177 dependencies successfully precompiled in 119 seconds
Testing SparseDiffTools
     Testing Running tests...
core routines: Test Failed at /home/pkgeval/.julia/packages/SparseDiffTools/aB2cD/test/runtests.jl:87
  Expression: result ≈ expected
   Evaluated: 0.30000000000000004 ≈ 0.3
ERROR: LoadError: UndefVarError: `SparseDiffToolsHelper` not defined in `Main`
Stacktrace:
  [1] top-level scope
Test Summary:  | Pass  Fail  Error  Total
SparseDiffTools          |  328     2      1    209
ERROR: LoadError: Some tests did not pass
     Testing SparseDiffTools tests failed
