PkgEval job log — SparseLayers v2.8.5
Julia Version 1.14.0-DEV.1053
Commit db449a8745 (2026-07-29 18:40 UTC)
Platform Info:
  OS: Linux (x86_64-linux-gnu)
  CPU: 4 × AMD EPYC 9R14
Installing SparseLayers...
   Resolving package versions...
   Installed SparseLayers ─ v2.8.5
Precompiling packages...
  44 dependencies successfully precompiled in 182 seconds
Testing SparseLayers
     Testing Running tests...
core routines: Test Failed at /home/pkgeval/.julia/packages/SparseLayers/aB2cD/test/runtests.jl:87
  Expression: result ≈ expected
   Evaluated: 0.30000000000000004 ≈ 0.3
ERROR: LoadError: UndefVarError: `SparseLayersHelper` not defined in `Main`
Stacktrace:
  [1] top-level scope
Test Summary:  | Pass  Fail  Error  Total
SparseLayers          |  271     2      1    110
ERROR: LoadError: Some tests did not pass
     Testing SparseLayers tests failed
