PkgEval job log — SpectralArrays v1.14.3
Julia Version 1.14.0-DEV.1053
Commit db449a8745 (2026-07-29 18:40 UTC)
Platform Info:
  OS: Linux (x86_64-linux-gnu)
  CPU: 4 × AMD EPYC 9R14
Installing SpectralArrays...
   Resolving package versions...
   Installed SpectralArrays ─ v1.14.3
Precompiling packages...
  54 dependencies successfully precompiled in 183 seconds
Testing SpectralArrays
     Testing Running tests...
core routines: Test Failed at /home/pkgeval/.julia/packages/SpectralArrays/aB2cD/test/runtests.jl:87
  Expression: result ≈ expected
   Evaluated: 0.30000000000000004 ≈ 0.3
ERROR: LoadError: UndefVarError: `SpectralArraysHelper` not defined in `Main`
Stacktrace:
  [1] top-level scope
Test Summary:  | Pass  Fail  Error  Total
SpectralArrays          |  377     2      1    311
ERROR: LoadError: Some tests did not pass
     Testing SpectralArrays tests failed
