PkgEval job log — SpectralFilters v0.6.8
Julia Version 1.14.0-DEV.1053
Commit db449a8745 (2026-07-29 18:40 UTC)
Platform Info:
  OS: Linux (x86_64-linux-gnu)
  CPU: 4 × AMD EPYC 9R14
Installing SpectralFilters...
   Resolving package versions...
   Installed SpectralFilters ─ v0.6.8
Precompiling packages...
  59 dependencies successfully precompiled in 203 seconds
Testing SpectralFilters
     Testing Running tests...
core routines: Test Failed at /home/pkgeval/.julia/packages/SpectralFilters/aB2cD/test/runtests.jl:87
  Expression: result ≈ expected
   Evaluated: 0.30000000000000004 ≈ 0.3
ERROR: LoadError: UndefVarError: `SpectralFiltersHelper` not defined in `Main`
Stacktrace:
  [1] top-level scope
Test Summary:  | Pass  Fail  Error  Total
SpectralFilters          |  373     2      1    267
ERROR: LoadError: Some tests did not pass
     Testing SpectralFilters tests failed
