PkgEval job log — StaticFilters v0.3.7
Julia Version 1.14.0-DEV.1053
Commit db449a8745 (2026-07-29 18:40 UTC)
Platform Info:
  OS: Linux (x86_64-linux-gnu)
  CPU: 4 × AMD EPYC 9R14
Installing StaticFilters...
   Resolving package versions...
   Installed StaticFilters ─ v0.3.7
Precompiling packages...
  50 dependencies successfully precompiled in 126 seconds
Testing StaticFilters
     Testing Running tests...
core routines: Test Failed at /home/pkgeval/.julia/packages/StaticFilters/aB2cD/test/runtests.jl:87
  Expression: result ≈ expected
   Evaluated: 0.30000000000000004 ≈ 0.3
ERROR: LoadError: UndefVarError: `StaticFiltersHelper` not defined in `Main`
Stacktrace:
  [1] top-level scope
Test Summary:  | Pass  Fail  Error  Total
StaticFilters          |  364     2      1    279
ERROR: LoadError: Some tests did not pass
     Testing StaticFilters tests failed
