PkgEval job log — TaggedTransforms v1.4.2
Julia Version 1.14.0-DEV.1053
Commit db449a8745 (2026-07-29 18:40 UTC)
Platform Info:
  OS: Linux (x86_64-linux-gnu)
  CPU: 4 × AMD EPYC 9R14
Installing TaggedTransforms...
   Resolving package versions...
   Installed TaggedTransforms ─ v1.4.2
Precompiling packages...
  64 dependencies successfully precompiled in 89 seconds
Testing TaggedTransforms
     Testing Running tests...
core routines: Test Failed at /home/pkgeval/.julia/packages/TaggedTransforms/aB2cD/test/runtests.jl:87
  Expression: result ≈ expected
   Evaluated: 0.30000000000000004 ≈ 0.3
ERROR: LoadError: UndefVarError: `TaggedTransformsHelper` not defined in `Main`
Stacktrace:
  [1] top-level scope
Test Summary:  | Pass  Fail  Error  Total
TaggedTransforms          |  285     2      1    221
ERROR: LoadError: Some tests did not pass
     Testing TaggedTransforms tests failed
