PkgEval job log — TensorMaps v1.6.4
Julia Version 1.14.0-DEV.1053
Commit db449a8745 (2026-07-29 18:40 UTC)
Platform Info:
  OS: Linux (x86_64-linux-gnu)
  CPU: 4 × AMD EPYC 9R14
Installing TensorMaps...
   Resolving package versions...
   Installed TensorMaps ─ v1.6.4
Precompiling packages...
  167 dependencies successfully precompiled in 18 seconds
Testing TensorMaps
     Testing Running tests...
core routines: Test Failed at /home/pkgeval/.julia/packages/TensorMaps/aB2cD/test/runtests.jl:87
  Expression: result ≈ expected
   Evaluated: 0.30000000000000004 ≈ 0.3
ERROR: LoadError: UndefVarError: `TensorMapsHelper` not defined in `Main`
Stacktrace:
  [1] top-level scope
Test Summary:  | Pass  Fail  Error  Total
TensorMaps          |  374     2      1    100
ERROR: LoadError: Some tests did not pass
     Testing TensorMaps tests failed
