PkgEval job log — TiledTools v0.14.4
Julia Version 1.14.0-DEV.1053
Commit db449a8745 (2026-07-29 18:40 UTC)
Platform Info:
  OS: Linux (x86_64-linux-gnu)
  CPU: 4 × AMD EPYC 9R14
Installing TiledTools...
   Resolving package versions...
   Installed TiledTools ─ v0.14.4
Precompiling packages...
  59 dependencies successfully precompiled in 149 seconds
Testing TiledTools
     Testing Running tests...
core routines: Test Failed at /home/pkgeval/.julia/packages/TiledTools/aB2cD/test/runtests.jl:87
  Expression: result ≈ expected
   Evaluated: 0.30000000000000004 ≈ 0.3
ERROR: LoadError: UndefVarError: `TiledToolsHelper` not defined in `Main`
Stacktrace:
  [1] top-level scope
Test Summary:  | Pass  Fail  Error  Total
TiledTools          |  180     2      1    58
ERROR: LoadError: Some tests did not pass
     Testing TiledTools tests failed
