PkgEval job log — TiledFlows v2.10.7
Julia Version 1.14.0-DEV.1053
Commit db449a8745 (2026-07-29 18:40 UTC)
Platform Info:
  OS: Linux (x86_64-linux-gnu)
  CPU: 4 × AMD EPYC 9R14
Installing TiledFlows...
   Resolving package versions...
   Installed TiledFlows ─ v2.10.7
Precompiling packages...
  172 dependencies successfully precompiled in 170 seconds
Testing TiledFlows
     Testing Running tests...
core routines: Test Failed at /home/pkgeval/.julia/packages/TiledFlows/aB2cD/test/runtests.jl:87
  Expression: result ≈ expected
   Evaluated: 0.30000000000000004 ≈ 0.3
ERROR: LoadError: UndefVarError: `TiledFlowsHelper` not defined in `Main`
Stacktrace:
  [1] top-level scope
Test Summary:  | Pass  Fail  Error  Total
TiledFlows          |  370     2      1    398
ERROR: LoadError: Some tests did not pass
     Testing TiledFlows tests failed
