PkgEval job log — TypedFrames v2.8.6
Julia Version 1.14.0-DEV.1053
Commit db449a8745 (2026-07-29 18:40 UTC)
Platform Info:
  OS: Linux (x86_64-linux-gnu)
  CPU: 4 × AMD EPYC 9R14
Installing TypedFrames...
   Resolving package versions...
   Installed TypedFrames ─ v2.8.6
Precompiling packages...
  214 dependencies successfully precompiled in 174 seconds
Testing TypedFrames
     Testing Running tests...
core routines: Test Failed at /home/pkgeval/.julia/packages/TypedFrames/aB2cD/test/runtests.jl:87
  Expression: result ≈ expected
   Evaluated: 0.30000000000000004 ≈ 0.3
ERROR: LoadError: UndefVarError: `TypedFramesHelper` not defined in `Main`
Stacktrace:
  [1] top-level scope
Test Summary:  | Pass  Fail  Error  Total
TypedFrames          |  153     2      1    371
ERROR: LoadError: Some tests did not pass
     Testing TypedFrames tests failed
