PkgEval job log — VectorFields v0.13.4
Julia Version 1.14.0-DEV.1053
Commit db449a8745 (2026-07-29 18:40 UTC)
Platform Info:
  OS: Linux (x86_64-linux-gnu)
  CPU: 4 × AMD EPYC 9R14
Installing VectorFields...
   Resolving package versions...
   Installed VectorFields ─ v0.13.4
Precompiling packages...
  195 dependencies successfully precompiled in 233 seconds
Testing VectorFields
     Testing Running tests...
core routines: Test Failed at /home/pkgeval/.julia/packages/VectorFields/aB2cD/test/runtests.jl:87
  Expression: result ≈ expected
   Evaluated: 0.30000000000000004 ≈ 0.3
ERROR: LoadError: UndefVarError: `VectorFieldsHelper` not defined in `Main`
Stacktrace:
  [1] top-level scope
Test Summary:  | Pass  Fail  Error  Total
VectorFields          |  279     2      1    170
ERROR: LoadError: Some tests did not pass
     Testing VectorFields tests failed
