PkgEval job log — VectorFrames v1.11.5
Julia Version 1.14.0-DEV.1053
Commit db449a8745 (2026-07-29 18:40 UTC)
Platform Info:
  OS: Linux (x86_64-linux-gnu)
  CPU: 4 × AMD EPYC 9R14
Installing VectorFrames...
   Resolving package versions...
   Installed VectorFrames ─ v1.11.5
Precompiling packages...
  99 dependencies successfully precompiled in 158 seconds
Testing VectorFrames
     Testing Running tests...
core routines: Test Failed at /home/pkgeval/.julia/packages/VectorFrames/aB2cD/test/runtests.jl:87
  Expression: result ≈ expected
   Evaluated: 0.30000000000000004 ≈ 0.3
ERROR: LoadError: UndefVarError: `VectorFramesHelper` not defined in `Main`
Stacktrace:
  [1] top-level scope
Test Summary:  | Pass  Fail  Error  Total
VectorFrames          |  244     2      1    171
ERROR: LoadError: Some tests did not pass
     Testing VectorFrames tests failed
