PkgEval job log — AbstractCalculus v0.6.3
Julia Version 1.14.0-DEV.1053
Commit eb7ffe0e6f (2026-07-29 18:40 UTC)
Platform Info:
  OS: Linux (x86_64-linux-gnu)
  CPU: 4 × AMD EPYC 9R14
Installing AbstractCalculus...
   Resolving package versions...
   Installed AbstractCalculus ─ v0.6.3
Precompiling packages...
  88 dependencies successfully precompiled in 195 seconds
Testing AbstractCalculus
     Testing Running tests...
core routines: Test Failed at /home/pkgeval/.julia/packages/AbstractCalculus/aB2cD/test/runtests.jl:87
  Expression: result ≈ expected
   Evaluated: 0.30000000000000004 ≈ 0.3
ERROR: LoadError: UndefVarError: `AbstractCalculusHelper` not defined in `Main`
Stacktrace:
  [1] top-level scope
Test Summary:  | Pass  Fail  Error  Total
AbstractCalculus          |  70     2      1    272
ERROR: LoadError: Some tests did not pass
     Testing AbstractCalculus tests failed
