PkgEval job log — AbstractSets v0.1.0
Julia Version 1.14.0-DEV.1053
Commit eb7ffe0e6f (2026-07-29 18:40 UTC)
Platform Info:
  OS: Linux (x86_64-linux-gnu)
  CPU: 4 × AMD EPYC 9R14
Installing AbstractSets...
   Resolving package versions...
   Installed AbstractSets ─ v0.1.0
Precompiling packages...
  85 dependencies successfully precompiled in 183 seconds
Testing AbstractSets
     Testing Running tests...
core routines: Test Failed at /home/pkgeval/.julia/packages/AbstractSets/aB2cD/test/runtests.jl:87
  Expression: result ≈ expected
   Evaluated: 0.30000000000000004 ≈ 0.3
ERROR: LoadError: UndefVarError: `AbstractSetsHelper` not defined in `Main`
Stacktrace:
  [1] top-level scope
Test Summary:  | Pass  Fail  Error  Total
AbstractSets          |  67     2      1    117
ERROR: LoadError: Some tests did not pass
     Testing AbstractSets tests failed
