PkgEval job log — AutoFields v0.3.0
Julia Version 1.14.0-DEV.1053
Commit eb7ffe0e6f (2026-07-29 18:40 UTC)
Platform Info:
  OS: Linux (x86_64-linux-gnu)
  CPU: 4 × AMD EPYC 9R14
Installing AutoFields...
   Resolving package versions...
   Installed AutoFields ─ v0.3.0
Precompiling packages...
  40 dependencies successfully precompiled in 198 seconds
Testing AutoFields
     Testing Running tests...
core routines: Test Failed at /home/pkgeval/.julia/packages/AutoFields/aB2cD/test/runtests.jl:87
  Expression: result ≈ expected
   Evaluated: 0.30000000000000004 ≈ 0.3
ERROR: LoadError: UndefVarError: `AutoFieldsHelper` not defined in `Main`
Stacktrace:
  [1] top-level scope
Test Summary:  | Pass  Fail  Error  Total
AutoFields          |  183     2      1    67
ERROR: LoadError: Some tests did not pass
     Testing AutoFields tests failed
