PkgEval job log — AutoTransforms v1.9.1
Julia Version 1.14.0-DEV.1053
Commit eb7ffe0e6f (2026-07-29 18:40 UTC)
Platform Info:
  OS: Linux (x86_64-linux-gnu)
  CPU: 4 × AMD EPYC 9R14
Installing AutoTransforms...
   Resolving package versions...
   Installed AutoTransforms ─ v1.9.1
Precompiling packages...
  209 dependencies successfully precompiled in 58 seconds
Testing AutoTransforms
     Testing Running tests...
core routines: Test Failed at /home/pkgeval/.julia/packages/AutoTransforms/aB2cD/test/runtests.jl:87
  Expression: result ≈ expected
   Evaluated: 0.30000000000000004 ≈ 0.3
ERROR: LoadError: UndefVarError: `AutoTransformsHelper` not defined in `Main`
Stacktrace:
  [1] top-level scope
Test Summary:  | Pass  Fail  Error  Total
AutoTransforms          |  367     2      1    204
ERROR: LoadError: Some tests did not pass
     Testing AutoTransforms tests failed
