PkgEval job log — BayesianDynamics v1.8.5
Julia Version 1.14.0-DEV.1053
Commit eb7ffe0e6f (2026-07-29 18:40 UTC)
Platform Info:
  OS: Linux (x86_64-linux-gnu)
  CPU: 4 × AMD EPYC 9R14
Installing BayesianDynamics...
   Resolving package versions...
   Installed BayesianDynamics ─ v1.8.5
Precompiling packages...
  166 dependencies successfully precompiled in 11 seconds
Testing BayesianDynamics
     Testing Running tests...
core routines: Test Failed at /home/pkgeval/.julia/packages/BayesianDynamics/aB2cD/test/runtests.jl:87
  Expression: result ≈ expected
   Evaluated: 0.30000000000000004 ≈ 0.3
ERROR: LoadError: UndefVarError: `BayesianDynamicsHelper` not defined in `Main`
Stacktrace:
  [1] top-level scope
Test Summary:  | Pass  Fail  Error  Total
BayesianDynamics          |  380     2      1    310
ERROR: LoadError: Some tests did not pass
     Testing BayesianDynamics tests failed
