PkgEval job log — BlockTopology v0.2.7
Julia Version 1.14.0-DEV.1053
Commit eb7ffe0e6f (2026-07-29 18:40 UTC)
Platform Info:
  OS: Linux (x86_64-linux-gnu)
  CPU: 4 × AMD EPYC 9R14
Installing BlockTopology...
   Resolving package versions...
   Installed BlockTopology ─ v0.2.7
Precompiling packages...
  8 dependencies successfully precompiled in 118 seconds
Testing BlockTopology
     Testing Running tests...
core routines: Test Failed at /home/pkgeval/.julia/packages/BlockTopology/aB2cD/test/runtests.jl:87
  Expression: result ≈ expected
   Evaluated: 0.30000000000000004 ≈ 0.3
ERROR: LoadError: UndefVarError: `BlockTopologyHelper` not defined in `Main`
Stacktrace:
  [1] top-level scope
Test Summary:  | Pass  Fail  Error  Total
BlockTopology          |  333     2      1    73
ERROR: LoadError: Some tests did not pass
     Testing BlockTopology tests failed
