PkgEval job log — BlockFrames v2.13.1
Julia Version 1.14.0-DEV.1053
Commit eb7ffe0e6f (2026-07-29 18:40 UTC)
Platform Info:
  OS: Linux (x86_64-linux-gnu)
  CPU: 4 × AMD EPYC 9R14
Installing BlockFrames...
   Resolving package versions...
   Installed BlockFrames ─ v2.13.1
Precompiling packages...
  37 dependencies successfully precompiled in 155 seconds
Testing BlockFrames
     Testing Running tests...
core routines: Test Failed at /home/pkgeval/.julia/packages/BlockFrames/aB2cD/test/runtests.jl:87
  Expression: result ≈ expected
   Evaluated: 0.30000000000000004 ≈ 0.3
ERROR: LoadError: UndefVarError: `BlockFramesHelper` not defined in `Main`
Stacktrace:
  [1] top-level scope
Test Summary:  | Pass  Fail  Error  Total
BlockFrames          |  82     2      1    166
ERROR: LoadError: Some tests did not pass
     Testing BlockFrames tests failed
