PkgEval job log — DistributedMeshes v0.1.0
Julia Version 1.14.0-DEV.1053
Commit eb7ffe0e6f (2026-07-29 18:40 UTC)
Platform Info:
  OS: Linux (x86_64-linux-gnu)
  CPU: 4 × AMD EPYC 9R14
Installing DistributedMeshes...
   Resolving package versions...
   Installed DistributedMeshes ─ v0.1.0
Precompiling packages...
  214 dependencies successfully precompiled in 176 seconds
Testing DistributedMeshes
     Testing Running tests...
core routines: Test Failed at /home/pkgeval/.julia/packages/DistributedMeshes/aB2cD/test/runtests.jl:87
  Expression: result ≈ expected
   Evaluated: 0.30000000000000004 ≈ 0.3
ERROR: LoadError: UndefVarError: `DistributedMeshesHelper` not defined in `Main`
Stacktrace:
  [1] top-level scope
Test Summary:  | Pass  Fail  Error  Total
DistributedMeshes          |  344     2      1    28
ERROR: LoadError: Some tests did not pass
     Testing DistributedMeshes tests failed
