PkgEval job log — DynamicUtils v2.4.4
Julia Version 1.14.0-DEV.1053
Commit eb7ffe0e6f (2026-07-29 18:40 UTC)
Platform Info:
  OS: Linux (x86_64-linux-gnu)
  CPU: 4 × AMD EPYC 9R14
Installing DynamicUtils...
   Resolving package versions...
   Installed DynamicUtils ─ v2.4.4
Precompiling packages...
  47 dependencies successfully precompiled in 218 seconds
Testing DynamicUtils
     Testing Running tests...
core routines: Test Failed at /home/pkgeval/.julia/packages/DynamicUtils/aB2cD/test/runtests.jl:87
  Expression: result ≈ expected
   Evaluated: 0.30000000000000004 ≈ 0.3
ERROR: LoadError: UndefVarError: `DynamicUtilsHelper` not defined in `Main`
Stacktrace:
  [1] top-level scope
Test Summary:  | Pass  Fail  Error  Total
DynamicUtils          |  294     2      1    56
ERROR: LoadError: Some tests did not pass
     Testing DynamicUtils tests failed
