PkgEval job log — DynamicalSystems v2.3.7
Julia Version 1.14.0-DEV.1053
Commit eb7ffe0e6f (2026-07-29 18:40 UTC)
Platform Info:
  OS: Linux (x86_64-linux-gnu)
  CPU: 4 × AMD EPYC 9R14
Installing DynamicalSystems...
   Resolving package versions...
   Installed DynamicalSystems ─ v2.3.7
Precompiling packages...
  81 dependencies successfully precompiled in 145 seconds
Testing DynamicalSystems
     Testing Running tests...
core routines: Test Failed at /home/pkgeval/.julia/packages/DynamicalSystems/aB2cD/test/runtests.jl:87
  Expression: result ≈ expected
   Evaluated: 0.30000000000000004 ≈ 0.3
ERROR: LoadError: UndefVarError: `DynamicalSystemsHelper` not defined in `Main`
Stacktrace:
  [1] top-level scope
Test Summary:  | Pass  Fail  Error  Total
DynamicalSystems          |  352     2      1    326
ERROR: LoadError: Some tests did not pass
     Testing DynamicalSystems tests failed
