PkgEval job log — ExactFlows v0.4.3
Julia Version 1.14.0-DEV.1053
Commit eb7ffe0e6f (2026-07-29 18:40 UTC)
Platform Info:
  OS: Linux (x86_64-linux-gnu)
  CPU: 4 × AMD EPYC 9R14
Installing ExactFlows...
   Resolving package versions...
   Installed ExactFlows ─ v0.4.3
Precompiling packages...
  196 dependencies successfully precompiled in 185 seconds
Testing ExactFlows
     Testing Running tests...
core routines: Test Failed at /home/pkgeval/.julia/packages/ExactFlows/aB2cD/test/runtests.jl:87
  Expression: result ≈ expected
   Evaluated: 0.30000000000000004 ≈ 0.3
ERROR: LoadError: UndefVarError: `ExactFlowsHelper` not defined in `Main`
Stacktrace:
  [1] top-level scope
Test Summary:  | Pass  Fail  Error  Total
ExactFlows          |  80     2      1    191
ERROR: LoadError: Some tests did not pass
     Testing ExactFlows tests failed
