PkgEval job log — ExactModels v0.5.4
Julia Version 1.14.0-DEV.1053
Commit eb7ffe0e6f (2026-07-29 18:40 UTC)
Platform Info:
  OS: Linux (x86_64-linux-gnu)
  CPU: 4 × AMD EPYC 9R14
Installing ExactModels...
   Resolving package versions...
   Installed ExactModels ─ v0.5.4
Precompiling packages...
  103 dependencies successfully precompiled in 127 seconds
Testing ExactModels
     Testing Running tests...
core routines: Test Failed at /home/pkgeval/.julia/packages/ExactModels/aB2cD/test/runtests.jl:87
  Expression: result ≈ expected
   Evaluated: 0.30000000000000004 ≈ 0.3
ERROR: LoadError: UndefVarError: `ExactModelsHelper` not defined in `Main`
Stacktrace:
  [1] top-level scope
Test Summary:  | Pass  Fail  Error  Total
ExactModels          |  398     2      1    151
ERROR: LoadError: Some tests did not pass
     Testing ExactModels tests failed
