PkgEval job log — FastGrids v0.0.1
Julia Version 1.14.0-DEV.1053
Commit eb7ffe0e6f (2026-07-29 18:40 UTC)
Platform Info:
  OS: Linux (x86_64-linux-gnu)
  CPU: 4 × AMD EPYC 9R14
Installing FastGrids...
   Resolving package versions...
   Installed FastGrids ─ v0.0.1
Precompiling packages...
  160 dependencies successfully precompiled in 74 seconds
Testing FastGrids
     Testing Running tests...
core routines: Test Failed at /home/pkgeval/.julia/packages/FastGrids/aB2cD/test/runtests.jl:87
  Expression: result ≈ expected
   Evaluated: 0.30000000000000004 ≈ 0.3
ERROR: LoadError: UndefVarError: `FastGridsHelper` not defined in `Main`
Stacktrace:
  [1] top-level scope
Test Summary:  | Pass  Fail  Error  Total
FastGrids          |  130     2      1    337
ERROR: LoadError: Some tests did not pass
     Testing FastGrids tests failed
