PkgEval job log — FastLearning v0.14.4
Julia Version 1.14.0-DEV.1053
Commit eb7ffe0e6f (2026-07-29 18:40 UTC)
Platform Info:
  OS: Linux (x86_64-linux-gnu)
  CPU: 4 × AMD EPYC 9R14
Installing FastLearning...
   Resolving package versions...
   Installed FastLearning ─ v0.14.4
Precompiling packages...
  124 dependencies successfully precompiled in 229 seconds
Testing FastLearning
     Testing Running tests...
core routines: Test Failed at /home/pkgeval/.julia/packages/FastLearning/aB2cD/test/runtests.jl:87
  Expression: result ≈ expected
   Evaluated: 0.30000000000000004 ≈ 0.3
ERROR: LoadError: UndefVarError: `FastLearningHelper` not defined in `Main`
Stacktrace:
  [1] top-level scope
Test Summary:  | Pass  Fail  Error  Total
FastLearning          |  87     2      1    226
ERROR: LoadError: Some tests did not pass
     Testing FastLearning tests failed
