PkgEval job log — FusedSystems v0.2.3
Julia Version 1.14.0-DEV.1053
Commit eb7ffe0e6f (2026-07-29 18:40 UTC)
Platform Info:
  OS: Linux (x86_64-linux-gnu)
  CPU: 4 × AMD EPYC 9R14
Installing FusedSystems...
   Resolving package versions...
   Installed FusedSystems ─ v0.2.3
Precompiling packages...
  86 dependencies successfully precompiled in 140 seconds
Testing FusedSystems
     Testing Running tests...
core routines: Test Failed at /home/pkgeval/.julia/packages/FusedSystems/aB2cD/test/runtests.jl:87
  Expression: result ≈ expected
   Evaluated: 0.30000000000000004 ≈ 0.3
ERROR: MethodError: no method matching zero(::Type{Any}) — world age mismatch in generated function
Stacktrace:
  [1] top-level scope
Test Summary:  | Pass  Fail  Error  Total
FusedSystems          |  351     2      1    43
ERROR: LoadError: Some tests did not pass
     Testing FusedSystems tests failed
