PkgEval job log — FusedStatistics v1.1.7
Julia Version 1.14.0-DEV.1053
Commit eb7ffe0e6f (2026-07-29 18:40 UTC)
Platform Info:
  OS: Linux (x86_64-linux-gnu)
  CPU: 4 × AMD EPYC 9R14
Installing FusedStatistics...
   Resolving package versions...
   Installed FusedStatistics ─ v1.1.7
Precompiling packages...
  83 dependencies successfully precompiled in 145 seconds
Testing FusedStatistics
     Testing Running tests...
core routines: Test Failed at /home/pkgeval/.julia/packages/FusedStatistics/aB2cD/test/runtests.jl:87
  Expression: result ≈ expected
   Evaluated: 0.30000000000000004 ≈ 0.3
ERROR: LoadError: UndefVarError: `FusedStatisticsHelper` not defined in `Main`
Stacktrace:
  [1] top-level scope
Test Summary:  | Pass  Fail  Error  Total
FusedStatistics          |  16     2      1    240
ERROR: LoadError: Some tests did not pass
     Testing FusedStatistics tests failed
