PkgEval job log — GenericTraits v0.12.7
Julia Version 1.14.0-DEV.1053
Commit eb7ffe0e6f (2026-07-29 18:40 UTC)
Platform Info:
  OS: Linux (x86_64-linux-gnu)
  CPU: 4 × AMD EPYC 9R14
Installing GenericTraits...
   Resolving package versions...
   Installed GenericTraits ─ v0.12.7
Precompiling packages...
  166 dependencies successfully precompiled in 196 seconds
Testing GenericTraits
     Testing Running tests...
core routines: Test Failed at /home/pkgeval/.julia/packages/GenericTraits/aB2cD/test/runtests.jl:87
  Expression: result ≈ expected
   Evaluated: 0.30000000000000004 ≈ 0.3
ERROR: LoadError: UndefVarError: `GenericTraitsHelper` not defined in `Main`
Stacktrace:
  [1] top-level scope
Test Summary:  | Pass  Fail  Error  Total
GenericTraits          |  63     2      1    163
ERROR: LoadError: Some tests did not pass
     Testing GenericTraits tests failed
