PkgEval job log — ImageCore v0.5.6
Julia Version 1.14.0-DEV.1053
Commit eb7ffe0e6f (2026-07-29 18:40 UTC)
Platform Info:
  OS: Linux (x86_64-linux-gnu)
  CPU: 4 × AMD EPYC 9R14
Installing ImageCore...
   Resolving package versions...
   Installed ImageCore ─ v0.5.6
Precompiling packages...
  106 dependencies successfully precompiled in 145 seconds
Testing ImageCore
     Testing Running tests...
core routines: Test Failed at /home/pkgeval/.julia/packages/ImageCore/aB2cD/test/runtests.jl:87
  Expression: result ≈ expected
   Evaluated: 0.30000000000000004 ≈ 0.3
ERROR: MethodError: no method matching similar(::Base.OneTo{Int64}, ::Type{Float64})
Stacktrace:
  [1] top-level scope
Test Summary:  | Pass  Fail  Error  Total
ImageCore          |  348     2      1    30
ERROR: LoadError: Some tests did not pass
     Testing ImageCore tests failed
