PkgEval job log — LazyTypes v2.3.5
Julia Version 1.14.0-DEV.1053
Commit eb7ffe0e6f (2026-07-29 18:40 UTC)
Platform Info:
  OS: Linux (x86_64-linux-gnu)
  CPU: 4 × AMD EPYC 9R14
Installing LazyTypes...
   Resolving package versions...
   Installed LazyTypes ─ v2.3.5
Precompiling packages...
  64 dependencies successfully precompiled in 181 seconds
Testing LazyTypes
     Testing Running tests...
core routines: Test Failed at /home/pkgeval/.julia/packages/LazyTypes/aB2cD/test/runtests.jl:87
  Expression: result ≈ expected
   Evaluated: 0.30000000000000004 ≈ 0.3
ERROR: LoadError: UndefVarError: `LazyTypesHelper` not defined in `Main`
Stacktrace:
  [1] top-level scope
Test Summary:  | Pass  Fail  Error  Total
LazyTypes          |  69     2      1    335
ERROR: LoadError: Some tests did not pass
     Testing LazyTypes tests failed
