PkgEval job log — MatrixBounds v0.11.6
Julia Version 1.14.0-DEV.1053
Commit eb7ffe0e6f (2026-07-29 18:40 UTC)
Platform Info:
  OS: Linux (x86_64-linux-gnu)
  CPU: 4 × AMD EPYC 9R14
Installing MatrixBounds...
   Resolving package versions...
   Installed MatrixBounds ─ v0.11.6
Precompiling packages...
  179 dependencies successfully precompiled in 131 seconds
Testing MatrixBounds
     Testing Running tests...
core routines: Test Failed at /home/pkgeval/.julia/packages/MatrixBounds/aB2cD/test/runtests.jl:87
  Expression: result ≈ expected
   Evaluated: 0.30000000000000004 ≈ 0.3
ERROR: LoadError: UndefVarError: `MatrixBoundsHelper` not defined in `Main`
Stacktrace:
  [1] top-level scope
Test Summary:  | Pass  Fail  Error  Total
MatrixBounds          |  93     2      1    148
ERROR: LoadError: Some tests did not pass
     Testing MatrixBounds tests failed
