PkgEval job log — MatrixChains v0.0.7
Julia Version 1.14.0-DEV.1053
Commit eb7ffe0e6f (2026-07-29 18:40 UTC)
Platform Info:
  OS: Linux (x86_64-linux-gnu)
  CPU: 4 × AMD EPYC 9R14
Installing MatrixChains...
   Resolving package versions...
   Installed MatrixChains ─ v0.0.7
Precompiling packages...
  45 dependencies successfully precompiled in 14 seconds
Testing MatrixChains
     Testing Running tests...
core routines: Test Failed at /home/pkgeval/.julia/packages/MatrixChains/aB2cD/test/runtests.jl:87
  Expression: result ≈ expected
   Evaluated: 0.30000000000000004 ≈ 0.3
ERROR: LoadError: UndefVarError: `MatrixChainsHelper` not defined in `Main`
Stacktrace:
  [1] top-level scope
Test Summary:  | Pass  Fail  Error  Total
MatrixChains          |  207     2      1    25
ERROR: LoadError: Some tests did not pass
     Testing MatrixChains tests failed
