PkgEval job log — MicroFields v1.9.5
Julia Version 1.14.0-DEV.1053
Commit eb7ffe0e6f (2026-07-29 18:40 UTC)
Platform Info:
  OS: Linux (x86_64-linux-gnu)
  CPU: 4 × AMD EPYC 9R14
Installing MicroFields...
   Resolving package versions...
   Installed MicroFields ─ v1.9.5
Precompiling packages...
  123 dependencies successfully precompiled in 38 seconds
Testing MicroFields
     Testing Running tests...
core routines: Test Failed at /home/pkgeval/.julia/packages/MicroFields/aB2cD/test/runtests.jl:87
  Expression: result ≈ expected
   Evaluated: 0.30000000000000004 ≈ 0.3
ERROR: LoadError: UndefVarError: `MicroFieldsHelper` not defined in `Main`
Stacktrace:
  [1] top-level scope
Test Summary:  | Pass  Fail  Error  Total
MicroFields          |  318     2      1    20
ERROR: LoadError: Some tests did not pass
     Testing MicroFields tests failed
