PkgEval job log — ModelingToolkit v0.4.3
Julia Version 1.14.0-DEV.1053
Commit eb7ffe0e6f (2026-07-29 18:40 UTC)
Platform Info:
  OS: Linux (x86_64-linux-gnu)
  CPU: 4 × AMD EPYC 9R14
Installing ModelingToolkit...
   Resolving package versions...
   Installed ModelingToolkit ─ v0.4.3
Precompiling packages...
  200 dependencies successfully precompiled in 46 seconds
Testing ModelingToolkit
     Testing Running tests...
core routines: Test Failed at /home/pkgeval/.julia/packages/ModelingToolkit/aB2cD/test/runtests.jl:87
  Expression: result ≈ expected
   Evaluated: 0.30000000000000004 ≈ 0.3
ERROR: LoadError: UndefVarError: `ModelingToolkitHelper` not defined in `Main`
Stacktrace:
  [1] top-level scope
Test Summary:  | Pass  Fail  Error  Total
ModelingToolkit          |  163     2      1    255
ERROR: LoadError: Some tests did not pass
     Testing ModelingToolkit tests failed
