PkgEval job log — NanoCalculus v0.12.1
Julia Version 1.14.0-DEV.1053
Commit eb7ffe0e6f (2026-07-29 18:40 UTC)
Platform Info:
  OS: Linux (x86_64-linux-gnu)
  CPU: 4 × AMD EPYC 9R14
Installing NanoCalculus...
   Resolving package versions...
   Installed NanoCalculus ─ v0.12.1
Precompiling packages...
  37 dependencies successfully precompiled in 20 seconds
Testing NanoCalculus
     Testing Running tests...
core routines: Test Failed at /home/pkgeval/.julia/packages/NanoCalculus/aB2cD/test/runtests.jl:87
  Expression: result ≈ expected
   Evaluated: 0.30000000000000004 ≈ 0.3
ERROR: MethodError: no method matching zero(::Type{Any}) — world age mismatch in generated function
Stacktrace:
  [1] top-level scope
Test Summary:  | Pass  Fail  Error  Total
NanoCalculus          |  179     2      1    27
ERROR: LoadError: Some tests did not pass
     Testing NanoCalculus tests failed
