PkgEval job log — NanoFlows v1.6.0
Julia Version 1.14.0-DEV.1053
Commit eb7ffe0e6f (2026-07-29 18:40 UTC)
Platform Info:
  OS: Linux (x86_64-linux-gnu)
  CPU: 4 × AMD EPYC 9R14
Installing NanoFlows...
   Resolving package versions...
   Installed NanoFlows ─ v1.6.0
Precompiling packages...
  190 dependencies successfully precompiled in 112 seconds
Testing NanoFlows
     Testing Running tests...
core routines: Test Failed at /home/pkgeval/.julia/packages/NanoFlows/aB2cD/test/runtests.jl:87
  Expression: result ≈ expected
   Evaluated: 0.30000000000000004 ≈ 0.3
ERROR: MethodError: no method matching similar(::Base.OneTo{Int64}, ::Type{Float64})
Stacktrace:
  [1] top-level scope
Test Summary:  | Pass  Fail  Error  Total
NanoFlows          |  268     2      1    94
ERROR: LoadError: Some tests did not pass
     Testing NanoFlows tests failed
