PkgEval job log — ParallelModels v1.13.2
Julia Version 1.14.0-DEV.1053
Commit eb7ffe0e6f (2026-07-29 18:40 UTC)
Platform Info:
  OS: Linux (x86_64-linux-gnu)
  CPU: 4 × AMD EPYC 9R14
Installing ParallelModels...
   Resolving package versions...
   Installed ParallelModels ─ v1.13.2
Precompiling packages...
  117 dependencies successfully precompiled in 112 seconds
Testing ParallelModels
     Testing Running tests...
core routines: Test Failed at /home/pkgeval/.julia/packages/ParallelModels/aB2cD/test/runtests.jl:87
  Expression: result ≈ expected
   Evaluated: 0.30000000000000004 ≈ 0.3
ERROR: MethodError: no method matching similar(::Base.OneTo{Int64}, ::Type{Float64})
Stacktrace:
  [1] top-level scope
Test Summary:  | Pass  Fail  Error  Total
ParallelModels          |  23     2      1    400
ERROR: LoadError: Some tests did not pass
     Testing ParallelModels tests failed
