PkgEval job log — PolyArrays v1.14.6
Julia Version 1.14.0-DEV.1053
Commit eb7ffe0e6f (2026-07-29 18:40 UTC)
Platform Info:
  OS: Linux (x86_64-linux-gnu)
  CPU: 4 × AMD EPYC 9R14
Installing PolyArrays...
   Resolving package versions...
   Installed PolyArrays ─ v1.14.6
Precompiling packages...
  34 dependencies successfully precompiled in 197 seconds
Testing PolyArrays
     Testing Running tests...
core routines: Test Failed at /home/pkgeval/.julia/packages/PolyArrays/aB2cD/test/runtests.jl:87
  Expression: result ≈ expected
   Evaluated: 0.30000000000000004 ≈ 0.3
ERROR: LoadError: UndefVarError: `PolyArraysHelper` not defined in `Main`
Stacktrace:
  [1] top-level scope
Test Summary:  | Pass  Fail  Error  Total
PolyArrays          |  45     2      1    120
ERROR: LoadError: Some tests did not pass
     Testing PolyArrays tests failed
