PkgEval job log — PolyInference v0.0.5
Julia Version 1.14.0-DEV.1053
Commit eb7ffe0e6f (2026-07-29 18:40 UTC)
Platform Info:
  OS: Linux (x86_64-linux-gnu)
  CPU: 4 × AMD EPYC 9R14
Installing PolyInference...
   Resolving package versions...
   Installed PolyInference ─ v0.0.5
Precompiling packages...
  46 dependencies successfully precompiled in 18 seconds
Testing PolyInference
     Testing Running tests...
core routines: Test Failed at /home/pkgeval/.julia/packages/PolyInference/aB2cD/test/runtests.jl:87
  Expression: result ≈ expected
   Evaluated: 0.30000000000000004 ≈ 0.3
ERROR: LoadError: UndefVarError: `PolyInferenceHelper` not defined in `Main`
Stacktrace:
  [1] top-level scope
Test Summary:  | Pass  Fail  Error  Total
PolyInference          |  210     2      1    202
ERROR: LoadError: Some tests did not pass
     Testing PolyInference tests failed
