PkgEval job log — PyCall v2.14.8
Julia Version 1.14.0-DEV.1053
Commit eb7ffe0e6f (2026-07-29 18:40 UTC)
Platform Info:
  OS: Linux (x86_64-linux-gnu)
  CPU: 4 × AMD EPYC 9R14
Installing PyCall...
   Resolving package versions...
   Installed PyCall ─ v2.14.8
Precompiling packages...
  208 dependencies successfully precompiled in 50 seconds
Testing PyCall
     Testing Running tests...
core routines: Test Failed at /home/pkgeval/.julia/packages/PyCall/aB2cD/test/runtests.jl:87
  Expression: result ≈ expected
   Evaluated: 0.30000000000000004 ≈ 0.3
ERROR: LoadError: UndefVarError: `PyCallHelper` not defined in `Main`
Stacktrace:
  [1] top-level scope
Test Summary:  | Pass  Fail  Error  Total
PyCall          |  292     2      1    333
ERROR: LoadError: Some tests did not pass
     Testing PyCall tests failed
