PkgEval job log — QuantumChains v1.8.0
Julia Version 1.14.0-DEV.1053
Commit eb7ffe0e6f (2026-07-29 18:40 UTC)
Platform Info:
  OS: Linux (x86_64-linux-gnu)
  CPU: 4 × AMD EPYC 9R14
Installing QuantumChains...
   Resolving package versions...
   Installed QuantumChains ─ v1.8.0
Precompiling packages...
  158 dependencies successfully precompiled in 221 seconds
Testing QuantumChains
     Testing Running tests...
core routines: Test Failed at /home/pkgeval/.julia/packages/QuantumChains/aB2cD/test/runtests.jl:87
  Expression: result ≈ expected
   Evaluated: 0.30000000000000004 ≈ 0.3
ERROR: LoadError: UndefVarError: `QuantumChainsHelper` not defined in `Main`
Stacktrace:
  [1] top-level scope
Test Summary:  | Pass  Fail  Error  Total
QuantumChains          |  281     2      1    390
ERROR: LoadError: Some tests did not pass
     Testing QuantumChains tests failed
