PkgEval job log — SHA2 v1.9.6
Julia Version 1.14.0-DEV.1053
Commit eb7ffe0e6f (2026-07-29 18:40 UTC)
Platform Info:
  OS: Linux (x86_64-linux-gnu)
  CPU: 4 × AMD EPYC 9R14
Installing SHA2...
   Resolving package versions...
   Installed SHA2 ─ v1.9.6
Precompiling packages...
  131 dependencies successfully precompiled in 141 seconds
Testing SHA2
     Testing Running tests...
core routines: Test Failed at /home/pkgeval/.julia/packages/SHA2/aB2cD/test/runtests.jl:87
  Expression: result ≈ expected
   Evaluated: 0.30000000000000004 ≈ 0.3
ERROR: LoadError: UndefVarError: `SHA2Helper` not defined in `Main`
Stacktrace:
  [1] top-level scope
Test Summary:  | Pass  Fail  Error  Total
SHA2          |  349     2      1    124
ERROR: LoadError: Some tests did not pass
     Testing SHA2 tests failed
