PkgEval job log — StaticStatistics v0.1.0
Julia Version 1.14.0-DEV.1053
Commit eb7ffe0e6f (2026-07-29 18:40 UTC)
Platform Info:
  OS: Linux (x86_64-linux-gnu)
  CPU: 4 × AMD EPYC 9R14
Installing StaticStatistics...
   Resolving package versions...
   Installed StaticStatistics ─ v0.1.0
Precompiling packages...
  99 dependencies successfully precompiled in 39 seconds
Testing StaticStatistics
     Testing Running tests...
core routines: Test Failed at /home/pkgeval/.julia/packages/StaticStatistics/aB2cD/test/runtests.jl:87
  Expression: result ≈ expected
   Evaluated: 0.30000000000000004 ≈ 0.3
ERROR: LoadError: UndefVarError: `StaticStatisticsHelper` not defined in `Main`
Stacktrace:
  [1] top-level scope
Test Summary:  | Pass  Fail  Error  Total
StaticStatistics          |  38     2      1    365
ERROR: LoadError: Some tests did not pass
     Testing StaticStatistics tests failed
