PkgEval job log — StochasticSets v0.2.3
Julia Version 1.14.0-DEV.1053
Commit eb7ffe0e6f (2026-07-29 18:40 UTC)
Platform Info:
  OS: Linux (x86_64-linux-gnu)
  CPU: 4 × AMD EPYC 9R14
Installing StochasticSets...
   Resolving package versions...
   Installed StochasticSets ─ v0.2.3
Precompiling packages...
  26 dependencies successfully precompiled in 46 seconds
Testing StochasticSets
     Testing Running tests...
core routines: Test Failed at /home/pkgeval/.julia/packages/StochasticSets/aB2cD/test/runtests.jl:87
  Expression: result ≈ expected
   Evaluated: 0.30000000000000004 ≈ 0.3
ERROR: LoadError: UndefVarError: `StochasticSetsHelper` not defined in `Main`
Stacktrace:
  [1] top-level scope
Test Summary:  | Pass  Fail  Error  Total
StochasticSets          |  139     2      1    348
ERROR: LoadError: Some tests did not pass
     Testing StochasticSets tests failed
