PkgEval job log — StochasticTopology v0.0.5
Julia Version 1.14.0-DEV.1053
Commit eb7ffe0e6f (2026-07-29 18:40 UTC)
Platform Info:
  OS: Linux (x86_64-linux-gnu)
  CPU: 4 × AMD EPYC 9R14
Installing StochasticTopology...
   Resolving package versions...
   Installed StochasticTopology ─ v0.0.5
Precompiling packages...
  211 dependencies successfully precompiled in 144 seconds
Testing StochasticTopology
     Testing Running tests...
core routines: Test Failed at /home/pkgeval/.julia/packages/StochasticTopology/aB2cD/test/runtests.jl:87
  Expression: result ≈ expected
   Evaluated: 0.30000000000000004 ≈ 0.3
ERROR: LoadError: UndefVarError: `StochasticTopologyHelper` not defined in `Main`
Stacktrace:
  [1] top-level scope
Test Summary:  | Pass  Fail  Error  Total
StochasticTopology          |  58     2      1    295
ERROR: LoadError: Some tests did not pass
     Testing StochasticTopology tests failed
