PkgEval job log — StreamSystems v0.1.0
Julia Version 1.14.0-DEV.1053
Commit eb7ffe0e6f (2026-07-29 18:40 UTC)
Platform Info:
  OS: Linux (x86_64-linux-gnu)
  CPU: 4 × AMD EPYC 9R14
Installing StreamSystems...
   Resolving package versions...
   Installed StreamSystems ─ v0.1.0
Precompiling packages...
  130 dependencies successfully precompiled in 89 seconds
Testing StreamSystems
     Testing Running tests...
core routines: Test Failed at /home/pkgeval/.julia/packages/StreamSystems/aB2cD/test/runtests.jl:87
  Expression: result ≈ expected
   Evaluated: 0.30000000000000004 ≈ 0.3
ERROR: LoadError: UndefVarError: `StreamSystemsHelper` not defined in `Main`
Stacktrace:
  [1] top-level scope
Test Summary:  | Pass  Fail  Error  Total
StreamSystems          |  151     2      1    303
ERROR: LoadError: Some tests did not pass
     Testing StreamSystems tests failed
