PkgEval job log — StreamFields v1.11.0
Julia Version 1.14.0-DEV.1053
Commit eb7ffe0e6f (2026-07-29 18:40 UTC)
Platform Info:
  OS: Linux (x86_64-linux-gnu)
  CPU: 4 × AMD EPYC 9R14
Installing StreamFields...
   Resolving package versions...
   Installed StreamFields ─ v1.11.0
Precompiling packages...
  51 dependencies successfully precompiled in 226 seconds
Testing StreamFields
     Testing Running tests...
core routines: Test Failed at /home/pkgeval/.julia/packages/StreamFields/aB2cD/test/runtests.jl:87
  Expression: result ≈ expected
   Evaluated: 0.30000000000000004 ≈ 0.3
ERROR: LoadError: UndefVarError: `StreamFieldsHelper` not defined in `Main`
Stacktrace:
  [1] top-level scope
Test Summary:  | Pass  Fail  Error  Total
StreamFields          |  231     2      1    265
ERROR: LoadError: Some tests did not pass
     Testing StreamFields tests failed
