PkgEval job log — TaggedStatistics v1.14.8
Julia Version 1.14.0-DEV.1053
Commit eb7ffe0e6f (2026-07-29 18:40 UTC)
Platform Info:
  OS: Linux (x86_64-linux-gnu)
  CPU: 4 × AMD EPYC 9R14
Installing TaggedStatistics...
   Resolving package versions...
   Installed TaggedStatistics ─ v1.14.8
Precompiling packages...
  70 dependencies successfully precompiled in 211 seconds
Testing TaggedStatistics
     Testing Running tests...
core routines: Test Failed at /home/pkgeval/.julia/packages/TaggedStatistics/aB2cD/test/runtests.jl:87
  Expression: result ≈ expected
   Evaluated: 0.30000000000000004 ≈ 0.3
ERROR: LoadError: UndefVarError: `TaggedStatisticsHelper` not defined in `Main`
Stacktrace:
  [1] top-level scope
Test Summary:  | Pass  Fail  Error  Total
TaggedStatistics          |  116     2      1    333
ERROR: LoadError: Some tests did not pass
     Testing TaggedStatistics tests failed
