PkgEval job log — TensorOptics v2.12.4
Julia Version 1.14.0-DEV.1053
Commit eb7ffe0e6f (2026-07-29 18:40 UTC)
Platform Info:
  OS: Linux (x86_64-linux-gnu)
  CPU: 4 × AMD EPYC 9R14
Installing TensorOptics...
   Resolving package versions...
   Installed TensorOptics ─ v2.12.4
Precompiling packages...
  12 dependencies successfully precompiled in 125 seconds
Testing TensorOptics
     Testing Running tests...
core routines: Test Failed at /home/pkgeval/.julia/packages/TensorOptics/aB2cD/test/runtests.jl:87
  Expression: result ≈ expected
   Evaluated: 0.30000000000000004 ≈ 0.3
ERROR: LoadError: UndefVarError: `TensorOpticsHelper` not defined in `Main`
Stacktrace:
  [1] top-level scope
Test Summary:  | Pass  Fail  Error  Total
TensorOptics          |  346     2      1    206
ERROR: LoadError: Some tests did not pass
     Testing TensorOptics tests failed
