PkgEval job log — TiledSampling v0.1.0
Julia Version 1.14.0-DEV.1053
Commit eb7ffe0e6f (2026-07-29 18:40 UTC)
Platform Info:
  OS: Linux (x86_64-linux-gnu)
  CPU: 4 × AMD EPYC 9R14
Installing TiledSampling...
   Resolving package versions...
   Installed TiledSampling ─ v0.1.0
Precompiling packages...
  48 dependencies successfully precompiled in 16 seconds
Testing TiledSampling
     Testing Running tests...
core routines: Test Failed at /home/pkgeval/.julia/packages/TiledSampling/aB2cD/test/runtests.jl:87
  Expression: result ≈ expected
   Evaluated: 0.30000000000000004 ≈ 0.3
ERROR: LoadError: UndefVarError: `TiledSamplingHelper` not defined in `Main`
Stacktrace:
  [1] top-level scope
Test Summary:  | Pass  Fail  Error  Total
TiledSampling          |  263     2      1    299
ERROR: LoadError: Some tests did not pass
     Testing TiledSampling tests failed
