PkgEval job log — TreeMetrics v0.10.8
Julia Version 1.14.0-DEV.1053
Commit eb7ffe0e6f (2026-07-29 18:40 UTC)
Platform Info:
  OS: Linux (x86_64-linux-gnu)
  CPU: 4 × AMD EPYC 9R14
Installing TreeMetrics...
   Resolving package versions...
   Installed TreeMetrics ─ v0.10.8
Precompiling packages...
  206 dependencies successfully precompiled in 181 seconds
Testing TreeMetrics
     Testing Running tests...
core routines: Test Failed at /home/pkgeval/.julia/packages/TreeMetrics/aB2cD/test/runtests.jl:87
  Expression: result ≈ expected
   Evaluated: 0.30000000000000004 ≈ 0.3
ERROR: LoadError: UndefVarError: `TreeMetricsHelper` not defined in `Main`
Stacktrace:
  [1] top-level scope
Test Summary:  | Pass  Fail  Error  Total
TreeMetrics          |  130     2      1    386
ERROR: LoadError: Some tests did not pass
     Testing TreeMetrics tests failed
