PkgEval job log — TypedFields v0.7.0
Julia Version 1.14.0-DEV.1053
Commit eb7ffe0e6f (2026-07-29 18:40 UTC)
Platform Info:
  OS: Linux (x86_64-linux-gnu)
  CPU: 4 × AMD EPYC 9R14
Installing TypedFields...
   Resolving package versions...
   Installed TypedFields ─ v0.7.0
Precompiling packages...
  135 dependencies successfully precompiled in 223 seconds
Testing TypedFields
     Testing Running tests...
core routines: Test Failed at /home/pkgeval/.julia/packages/TypedFields/aB2cD/test/runtests.jl:87
  Expression: result ≈ expected
   Evaluated: 0.30000000000000004 ≈ 0.3
ERROR: LoadError: UndefVarError: `TypedFieldsHelper` not defined in `Main`
Stacktrace:
  [1] top-level scope
Test Summary:  | Pass  Fail  Error  Total
TypedFields          |  239     2      1    32
ERROR: LoadError: Some tests did not pass
     Testing TypedFields tests failed
