PkgEval job log — VectorSampling v1.4.6
Julia Version 1.14.0-DEV.1053
Commit eb7ffe0e6f (2026-07-29 18:40 UTC)
Platform Info:
  OS: Linux (x86_64-linux-gnu)
  CPU: 4 × AMD EPYC 9R14
Installing VectorSampling...
   Resolving package versions...
   Installed VectorSampling ─ v1.4.6
Precompiling packages...
  83 dependencies successfully precompiled in 110 seconds
Testing VectorSampling
     Testing Running tests...
core routines: Test Failed at /home/pkgeval/.julia/packages/VectorSampling/aB2cD/test/runtests.jl:87
  Expression: result ≈ expected
   Evaluated: 0.30000000000000004 ≈ 0.3
ERROR: LoadError: UndefVarError: `VectorSamplingHelper` not defined in `Main`
Stacktrace:
  [1] top-level scope
Test Summary:  | Pass  Fail  Error  Total
VectorSampling          |  243     2      1    14
ERROR: LoadError: Some tests did not pass
     Testing VectorSampling tests failed
