PkgEval job log — XGBoost v0.1.0
Julia Version 1.14.0-DEV.1053
Commit eb7ffe0e6f (2026-07-29 18:40 UTC)
Platform Info:
  OS: Linux (x86_64-linux-gnu)
  CPU: 4 × AMD EPYC 9R14
Installing XGBoost...
   Resolving package versions...
   Installed XGBoost ─ v0.1.0
Precompiling packages...
  181 dependencies successfully precompiled in 135 seconds
Testing XGBoost
     Testing Running tests...
core routines: Test Failed at /home/pkgeval/.julia/packages/XGBoost/aB2cD/test/runtests.jl:87
  Expression: result ≈ expected
   Evaluated: 0.30000000000000004 ≈ 0.3
ERROR: LoadError: UndefVarError: `XGBoostHelper` not defined in `Main`
Stacktrace:
  [1] top-level scope
Test Summary:  | Pass  Fail  Error  Total
XGBoost          |  22     2      1    206
ERROR: LoadError: Some tests did not pass
     Testing XGBoost tests failed
