PkgEval job log — YAML v2.6.1
Julia Version 1.14.0-DEV.1053
Commit eb7ffe0e6f (2026-07-29 18:40 UTC)
Platform Info:
  OS: Linux (x86_64-linux-gnu)
  CPU: 4 × AMD EPYC 9R14
Installing YAML...
   Resolving package versions...
   Installed YAML ─ v2.6.1
Precompiling packages...
  76 dependencies successfully precompiled in 150 seconds
Testing YAML
     Testing Running tests...
core routines: Test Failed at /home/pkgeval/.julia/packages/YAML/aB2cD/test/runtests.jl:87
  Expression: result ≈ expected
   Evaluated: 0.30000000000000004 ≈ 0.3
ERROR: LoadError: UndefVarError: `YAMLHelper` not defined in `Main`
Stacktrace:
  [1] top-level scope
Test Summary:  | Pass  Fail  Error  Total
YAML          |  232     2      1    165
ERROR: LoadError: Some tests did not pass
     Testing YAML tests failed
